This is pdfTeX, Version 3.141592653-2.6-1.40.27 (TeX Live 2025) (preloaded format=pdflatex 2025.9.24)  30 JUL 2026 02:23
entering extended mode
 restricted \write18 enabled.
 %&-line parsing enabled.
**main.tex
(./main.tex
LaTeX2e <2024-11-01> patch level 2
L3 programming layer <2025-01-18>
(/usr/local/texlive/2025/texmf-dist/tex/latex/base/report.cls
Document Class: report 2024/06/29 v1.4n Standard LaTeX document class
(/usr/local/texlive/2025/texmf-dist/tex/latex/base/size12.clo
File: size12.clo 2024/06/29 v1.4n Standard LaTeX file (size option)
)
\c@part=\count196
\c@chapter=\count197
\c@section=\count198
\c@subsection=\count199
\c@subsubsection=\count266
\c@paragraph=\count267
\c@subparagraph=\count268
\c@figure=\count269
\c@table=\count270
\abovecaptionskip=\skip49
\belowcaptionskip=\skip50
\bibindent=\dimen141
)
(/usr/local/texlive/2025/texmf-dist/tex/latex/geometry/geometry.sty
Package: geometry 2020/01/02 v5.9 Page Geometry

(/usr/local/texlive/2025/texmf-dist/tex/latex/graphics/keyval.sty
Package: keyval 2022/05/29 v1.15 key=value parser (DPC)
\KV@toks@=\toks17
)
(/usr/local/texlive/2025/texmf-dist/tex/generic/iftex/ifvtex.sty
Package: ifvtex 2019/10/25 v1.7 ifvtex legacy package. Use iftex instead.

(/usr/local/texlive/2025/texmf-dist/tex/generic/iftex/iftex.sty
Package: iftex 2024/12/12 v1.0g TeX engine tests
))
\Gm@cnth=\count271
\Gm@cntv=\count272
\c@Gm@tempcnt=\count273
\Gm@bindingoffset=\dimen142
\Gm@wd@mp=\dimen143
\Gm@odd@mp=\dimen144
\Gm@even@mp=\dimen145
\Gm@layoutwidth=\dimen146
\Gm@layoutheight=\dimen147
\Gm@layouthoffset=\dimen148
\Gm@layoutvoffset=\dimen149
\Gm@dimlist=\toks18
)
(/usr/local/texlive/2025/texmf-dist/tex/latex/base/fontenc.sty
Package: fontenc 2021/04/29 v2.0v Standard LaTeX package
)
(/usr/local/texlive/2025/texmf-dist/tex/latex/base/inputenc.sty
Package: inputenc 2024/02/08 v1.3d Input encoding file
\inpenc@prehook=\toks19
\inpenc@posthook=\toks20
)
(/usr/local/texlive/2025/texmf-dist/tex/latex/psnfss/mathptmx.sty
Package: mathptmx 2020/03/25 PSNFSS-v9.3 Times w/ Math, improved (SPQR, WaS) 
LaTeX Font Info:    Redeclaring symbol font `operators' on input line 28.
LaTeX Font Info:    Overwriting symbol font `operators' in version `normal'
(Font)                  OT1/cmr/m/n --> OT1/ztmcm/m/n on input line 28.
LaTeX Font Info:    Overwriting symbol font `operators' in version `bold'
(Font)                  OT1/cmr/bx/n --> OT1/ztmcm/m/n on input line 28.
LaTeX Font Info:    Redeclaring symbol font `letters' on input line 29.
LaTeX Font Info:    Overwriting symbol font `letters' in version `normal'
(Font)                  OML/cmm/m/it --> OML/ztmcm/m/it on input line 29.
LaTeX Font Info:    Overwriting symbol font `letters' in version `bold'
(Font)                  OML/cmm/b/it --> OML/ztmcm/m/it on input line 29.
LaTeX Font Info:    Redeclaring symbol font `symbols' on input line 30.
LaTeX Font Info:    Overwriting symbol font `symbols' in version `normal'
(Font)                  OMS/cmsy/m/n --> OMS/ztmcm/m/n on input line 30.
LaTeX Font Info:    Overwriting symbol font `symbols' in version `bold'
(Font)                  OMS/cmsy/b/n --> OMS/ztmcm/m/n on input line 30.
LaTeX Font Info:    Redeclaring symbol font `largesymbols' on input line 31.
LaTeX Font Info:    Overwriting symbol font `largesymbols' in version `normal'
(Font)                  OMX/cmex/m/n --> OMX/ztmcm/m/n on input line 31.
LaTeX Font Info:    Overwriting symbol font `largesymbols' in version `bold'
(Font)                  OMX/cmex/m/n --> OMX/ztmcm/m/n on input line 31.
\symbold=\mathgroup4
\symitalic=\mathgroup5
LaTeX Font Info:    Redeclaring math alphabet \mathbf on input line 34.
LaTeX Font Info:    Overwriting math alphabet `\mathbf' in version `normal'
(Font)                  OT1/cmr/bx/n --> OT1/ptm/bx/n on input line 34.
LaTeX Font Info:    Overwriting math alphabet `\mathbf' in version `bold'
(Font)                  OT1/cmr/bx/n --> OT1/ptm/bx/n on input line 34.
LaTeX Font Info:    Redeclaring math alphabet \mathit on input line 35.
LaTeX Font Info:    Overwriting math alphabet `\mathit' in version `normal'
(Font)                  OT1/cmr/m/it --> OT1/ptm/m/it on input line 35.
LaTeX Font Info:    Overwriting math alphabet `\mathit' in version `bold'
(Font)                  OT1/cmr/bx/it --> OT1/ptm/m/it on input line 35.
LaTeX Info: Redefining \hbar on input line 50.
)
(/usr/local/texlive/2025/texmf-dist/tex/latex/base/textcomp.sty
Package: textcomp 2024/04/24 v2.1b Standard LaTeX package
)
(/usr/local/texlive/2025/texmf-dist/tex/latex/amsmath/amsmath.sty
Package: amsmath 2024/11/05 v2.17t AMS math features
\@mathmargin=\skip51

For additional information on amsmath, use the `?' option.
(/usr/local/texlive/2025/texmf-dist/tex/latex/amsmath/amstext.sty
Package: amstext 2021/08/26 v2.01 AMS text

(/usr/local/texlive/2025/texmf-dist/tex/latex/amsmath/amsgen.sty
File: amsgen.sty 1999/11/30 v2.0 generic functions
\@emptytoks=\toks21
\ex@=\dimen150
))
(/usr/local/texlive/2025/texmf-dist/tex/latex/amsmath/amsbsy.sty
Package: amsbsy 1999/11/29 v1.2d Bold Symbols
\pmbraise@=\dimen151
)
(/usr/local/texlive/2025/texmf-dist/tex/latex/amsmath/amsopn.sty
Package: amsopn 2022/04/08 v2.04 operator names
)
\inf@bad=\count274
LaTeX Info: Redefining \frac on input line 233.
\uproot@=\count275
\leftroot@=\count276
LaTeX Info: Redefining \overline on input line 398.
LaTeX Info: Redefining \colon on input line 409.
\classnum@=\count277
\DOTSCASE@=\count278
LaTeX Info: Redefining \ldots on input line 495.
LaTeX Info: Redefining \dots on input line 498.
LaTeX Info: Redefining \cdots on input line 619.
\Mathstrutbox@=\box52
\strutbox@=\box53
LaTeX Info: Redefining \big on input line 721.
LaTeX Info: Redefining \Big on input line 722.
LaTeX Info: Redefining \bigg on input line 723.
LaTeX Info: Redefining \Bigg on input line 724.
\big@size=\dimen152
LaTeX Font Info:    Redeclaring font encoding OML on input line 742.
LaTeX Font Info:    Redeclaring font encoding OMS on input line 743.
\macc@depth=\count279
LaTeX Info: Redefining \bmod on input line 904.
LaTeX Info: Redefining \pmod on input line 909.
LaTeX Info: Redefining \smash on input line 939.
LaTeX Info: Redefining \relbar on input line 969.
LaTeX Info: Redefining \Relbar on input line 970.
\c@MaxMatrixCols=\count280
\dotsspace@=\muskip17
\c@parentequation=\count281
\dspbrk@lvl=\count282
\tag@help=\toks22
\row@=\count283
\column@=\count284
\maxfields@=\count285
\andhelp@=\toks23
\eqnshift@=\dimen153
\alignsep@=\dimen154
\tagshift@=\dimen155
\tagwidth@=\dimen156
\totwidth@=\dimen157
\lineht@=\dimen158
\@envbody=\toks24
\multlinegap=\skip52
\multlinetaggap=\skip53
\mathdisplay@stack=\toks25
LaTeX Info: Redefining \[ on input line 2953.
LaTeX Info: Redefining \] on input line 2954.
)
(/usr/local/texlive/2025/texmf-dist/tex/latex/amsfonts/amssymb.sty
Package: amssymb 2013/01/14 v3.01 AMS font symbols

(/usr/local/texlive/2025/texmf-dist/tex/latex/amsfonts/amsfonts.sty
Package: amsfonts 2013/01/14 v3.01 Basic AMSFonts support
\symAMSa=\mathgroup6
\symAMSb=\mathgroup7
LaTeX Font Info:    Overwriting math alphabet `\mathfrak' in version `bold'
(Font)                  U/euf/m/n --> U/euf/b/n on input line 106.
))
(/usr/local/texlive/2025/texmf-dist/tex/latex/graphics/graphicx.sty
Package: graphicx 2021/09/16 v1.2d Enhanced LaTeX Graphics (DPC,SPQR)

(/usr/local/texlive/2025/texmf-dist/tex/latex/graphics/graphics.sty
Package: graphics 2024/08/06 v1.4g Standard LaTeX Graphics (DPC,SPQR)

(/usr/local/texlive/2025/texmf-dist/tex/latex/graphics/trig.sty
Package: trig 2023/12/02 v1.11 sin cos tan (DPC)
)
(/usr/local/texlive/2025/texmf-dist/tex/latex/graphics-cfg/graphics.cfg
File: graphics.cfg 2016/06/04 v1.11 sample graphics configuration
)
Package graphics Info: Driver file: pdftex.def on input line 106.

(/usr/local/texlive/2025/texmf-dist/tex/latex/graphics-def/pdftex.def
File: pdftex.def 2024/04/13 v1.2c Graphics/color driver for pdftex
))
\Gin@req@height=\dimen159
\Gin@req@width=\dimen160
)
(/usr/local/texlive/2025/texmf-dist/tex/latex/booktabs/booktabs.sty
Package: booktabs 2020/01/12 v1.61803398 Publication quality tables
\heavyrulewidth=\dimen161
\lightrulewidth=\dimen162
\cmidrulewidth=\dimen163
\belowrulesep=\dimen164
\belowbottomsep=\dimen165
\aboverulesep=\dimen166
\abovetopsep=\dimen167
\cmidrulesep=\dimen168
\cmidrulekern=\dimen169
\defaultaddspace=\dimen170
\@cmidla=\count286
\@cmidlb=\count287
\@aboverulesep=\dimen171
\@belowrulesep=\dimen172
\@thisruleclass=\count288
\@lastruleclass=\count289
\@thisrulewidth=\dimen173
)
(/usr/local/texlive/2025/texmf-dist/tex/latex/tools/array.sty
Package: array 2024/10/17 v2.6g Tabular extension package (FMi)
\col@sep=\dimen174
\ar@mcellbox=\box54
\extrarowheight=\dimen175
\NC@list=\toks26
\extratabsurround=\skip54
\backup@length=\skip55
\ar@cellbox=\box55
)
(/usr/local/texlive/2025/texmf-dist/tex/latex/caption/caption.sty
Package: caption 2023/08/05 v3.6o Customizing captions (AR)

(/usr/local/texlive/2025/texmf-dist/tex/latex/caption/caption3.sty
Package: caption3 2023/07/31 v2.4d caption3 kernel (AR)
\caption@tempdima=\dimen176
\captionmargin=\dimen177
\caption@leftmargin=\dimen178
\caption@rightmargin=\dimen179
\caption@width=\dimen180
\caption@indent=\dimen181
\caption@parindent=\dimen182
\caption@hangindent=\dimen183
Package caption Info: Standard document class detected.
)
\c@caption@flags=\count290
\c@continuedfloat=\count291
)
(/usr/local/texlive/2025/texmf-dist/tex/latex/setspace/setspace.sty
Package: setspace 2022/12/04 v6.7b set line spacing
)
(/usr/local/texlive/2025/texmf-dist/tex/latex/titlesec/titlesec.sty
Package: titlesec 2025/01/04 v2.17 Sectioning titles
\ttl@box=\box56
\beforetitleunit=\skip56
\aftertitleunit=\skip57
\ttl@plus=\dimen184
\ttl@minus=\dimen185
\ttl@toksa=\toks27
\titlewidth=\dimen186
\titlewidthlast=\dimen187
\titlewidthfirst=\dimen188
)
(/usr/local/texlive/2025/texmf-dist/tex/latex/natbib/natbib.sty
Package: natbib 2010/09/13 8.31b (PWD, AO)
\bibhang=\skip58
\bibsep=\skip59
LaTeX Info: Redefining \cite on input line 694.
\c@NAT@ctr=\count292
)
(/usr/local/texlive/2025/texmf-dist/tex/latex/hyperref/hyperref.sty
Package: hyperref 2024-11-05 v7.01l Hypertext links for LaTeX

(/usr/local/texlive/2025/texmf-dist/tex/latex/kvsetkeys/kvsetkeys.sty
Package: kvsetkeys 2022-10-05 v1.19 Key value parser (HO)
)
(/usr/local/texlive/2025/texmf-dist/tex/generic/kvdefinekeys/kvdefinekeys.sty
Package: kvdefinekeys 2019-12-19 v1.6 Define keys (HO)
)
(/usr/local/texlive/2025/texmf-dist/tex/generic/pdfescape/pdfescape.sty
Package: pdfescape 2019/12/09 v1.15 Implements pdfTeX's escape features (HO)

(/usr/local/texlive/2025/texmf-dist/tex/generic/ltxcmds/ltxcmds.sty
Package: ltxcmds 2023-12-04 v1.26 LaTeX kernel commands for general use (HO)
)
(/usr/local/texlive/2025/texmf-dist/tex/generic/pdftexcmds/pdftexcmds.sty
Package: pdftexcmds 2020-06-27 v0.33 Utility functions of pdfTeX for LuaTeX (HO
)

(/usr/local/texlive/2025/texmf-dist/tex/generic/infwarerr/infwarerr.sty
Package: infwarerr 2019/12/03 v1.5 Providing info/warning/error messages (HO)
)
Package pdftexcmds Info: \pdf@primitive is available.
Package pdftexcmds Info: \pdf@ifprimitive is available.
Package pdftexcmds Info: \pdfdraftmode found.
))
(/usr/local/texlive/2025/texmf-dist/tex/latex/hycolor/hycolor.sty
Package: hycolor 2020-01-27 v1.10 Color options for hyperref/bookmark (HO)
)
(/usr/local/texlive/2025/texmf-dist/tex/latex/hyperref/nameref.sty
Package: nameref 2023-11-26 v2.56 Cross-referencing by name of section

(/usr/local/texlive/2025/texmf-dist/tex/latex/refcount/refcount.sty
Package: refcount 2019/12/15 v3.6 Data extraction from label references (HO)
)
(/usr/local/texlive/2025/texmf-dist/tex/generic/gettitlestring/gettitlestring.s
ty
Package: gettitlestring 2019/12/15 v1.6 Cleanup title references (HO)
 (/usr/local/texlive/2025/texmf-dist/tex/latex/kvoptions/kvoptions.sty
Package: kvoptions 2022-06-15 v3.15 Key value format for package options (HO)
))
\c@section@level=\count293
)
(/usr/local/texlive/2025/texmf-dist/tex/latex/etoolbox/etoolbox.sty
Package: etoolbox 2025/02/11 v2.5l e-TeX tools for LaTeX (JAW)
\etb@tempcnta=\count294
)
(/usr/local/texlive/2025/texmf-dist/tex/generic/stringenc/stringenc.sty
Package: stringenc 2019/11/29 v1.12 Convert strings between diff. encodings (HO
)
)
\@linkdim=\dimen189
\Hy@linkcounter=\count295
\Hy@pagecounter=\count296

(/usr/local/texlive/2025/texmf-dist/tex/latex/hyperref/pd1enc.def
File: pd1enc.def 2024-11-05 v7.01l Hyperref: PDFDocEncoding definition (HO)
Now handling font encoding PD1 ...
... no UTF-8 mapping file for font encoding PD1
)
(/usr/local/texlive/2025/texmf-dist/tex/generic/intcalc/intcalc.sty
Package: intcalc 2019/12/15 v1.3 Expandable calculations with integers (HO)
)
\Hy@SavedSpaceFactor=\count297

(/usr/local/texlive/2025/texmf-dist/tex/latex/hyperref/puenc.def
File: puenc.def 2024-11-05 v7.01l Hyperref: PDF Unicode definition (HO)
Now handling font encoding PU ...
... no UTF-8 mapping file for font encoding PU
)
Package hyperref Info: Hyper figures OFF on input line 4157.
Package hyperref Info: Link nesting OFF on input line 4162.
Package hyperref Info: Hyper index ON on input line 4165.
Package hyperref Info: Plain pages OFF on input line 4172.
Package hyperref Info: Backreferencing OFF on input line 4177.
Package hyperref Info: Implicit mode ON; LaTeX internals redefined.
Package hyperref Info: Bookmarks ON on input line 4424.
\c@Hy@tempcnt=\count298

(/usr/local/texlive/2025/texmf-dist/tex/latex/url/url.sty
\Urlmuskip=\muskip18
Package: url 2013/09/16  ver 3.4  Verb mode for urls, etc.
)
LaTeX Info: Redefining \url on input line 4763.
\XeTeXLinkMargin=\dimen190

(/usr/local/texlive/2025/texmf-dist/tex/generic/bitset/bitset.sty
Package: bitset 2019/12/09 v1.3 Handle bit-vector datatype (HO)

(/usr/local/texlive/2025/texmf-dist/tex/generic/bigintcalc/bigintcalc.sty
Package: bigintcalc 2019/12/15 v1.5 Expandable calculations on big integers (HO
)
))
\Fld@menulength=\count299
\Field@Width=\dimen191
\Fld@charsize=\dimen192
Package hyperref Info: Hyper figures OFF on input line 6042.
Package hyperref Info: Link nesting OFF on input line 6047.
Package hyperref Info: Hyper index ON on input line 6050.
Package hyperref Info: backreferencing OFF on input line 6057.
Package hyperref Info: Link coloring OFF on input line 6062.
Package hyperref Info: Link coloring with OCG OFF on input line 6067.
Package hyperref Info: PDF/A mode OFF on input line 6072.

(/usr/local/texlive/2025/texmf-dist/tex/latex/base/atbegshi-ltx.sty
Package: atbegshi-ltx 2021/01/10 v1.0c Emulation of the original atbegshi
package with kernel methods
)
\Hy@abspage=\count300
\c@Item=\count301
\c@Hfootnote=\count302
)
Package hyperref Info: Driver (autodetected): hpdftex.

(/usr/local/texlive/2025/texmf-dist/tex/latex/hyperref/hpdftex.def
File: hpdftex.def 2024-11-05 v7.01l Hyperref driver for pdfTeX

(/usr/local/texlive/2025/texmf-dist/tex/latex/base/atveryend-ltx.sty
Package: atveryend-ltx 2020/08/19 v1.0a Emulation of the original atveryend pac
kage
with kernel methods
)
\Fld@listcount=\count303
\c@bookmark@seq@number=\count304

(/usr/local/texlive/2025/texmf-dist/tex/latex/rerunfilecheck/rerunfilecheck.sty
Package: rerunfilecheck 2022-07-10 v1.10 Rerun checks for auxiliary files (HO)

(/usr/local/texlive/2025/texmf-dist/tex/generic/uniquecounter/uniquecounter.sty
Package: uniquecounter 2019/12/15 v1.4 Provide unlimited unique counter (HO)
)
Package uniquecounter Info: New unique counter `rerunfilecheck' on input line 2
85.
)
\Hy@SectionHShift=\skip60
) (/usr/local/texlive/2025/texmf-dist/tex/latex/xurl/xurl.sty
Package: xurl 2022/01/09 v 0.10 modify URL breaks
)
LaTeX Font Info:    Trying to load font information for T1+ptm on input line 42
.

(/usr/local/texlive/2025/texmf-dist/tex/latex/psnfss/t1ptm.fd
File: t1ptm.fd 2001/06/04 font definitions for T1/ptm.
)
(/usr/local/texlive/2025/texmf-dist/tex/latex/l3backend/l3backend-pdftex.def
File: l3backend-pdftex.def 2024-05-08 L3 backend support: PDF output (pdfTeX)
\l__color_backend_stack_int=\count305
\l__pdf_internal_box=\box57
)
(./main.aux)
\openout1 = `main.aux'.

LaTeX Font Info:    Checking defaults for OML/cmm/m/it on input line 42.
LaTeX Font Info:    ... okay on input line 42.
LaTeX Font Info:    Checking defaults for OMS/cmsy/m/n on input line 42.
LaTeX Font Info:    ... okay on input line 42.
LaTeX Font Info:    Checking defaults for OT1/cmr/m/n on input line 42.
LaTeX Font Info:    ... okay on input line 42.
LaTeX Font Info:    Checking defaults for T1/cmr/m/n on input line 42.
LaTeX Font Info:    ... okay on input line 42.
LaTeX Font Info:    Checking defaults for TS1/cmr/m/n on input line 42.
LaTeX Font Info:    ... okay on input line 42.
LaTeX Font Info:    Checking defaults for OMX/cmex/m/n on input line 42.
LaTeX Font Info:    ... okay on input line 42.
LaTeX Font Info:    Checking defaults for U/cmr/m/n on input line 42.
LaTeX Font Info:    ... okay on input line 42.
LaTeX Font Info:    Checking defaults for PD1/pdf/m/n on input line 42.
LaTeX Font Info:    ... okay on input line 42.
LaTeX Font Info:    Checking defaults for PU/pdf/m/n on input line 42.
LaTeX Font Info:    ... okay on input line 42.

*geometry* driver: auto-detecting
*geometry* detected driver: pdftex
*geometry* verbose mode - [ preamble ] result:
* driver: pdftex
* paper: a4paper
* layout: <same size as paper>
* layoutoffset:(h,v)=(0.0pt,0.0pt)
* modes: 
* h-part:(L,W,R)=(71.13188pt, 455.24411pt, 71.13188pt)
* v-part:(T,H,B)=(71.13188pt, 702.78308pt, 71.13188pt)
* \paperwidth=597.50787pt
* \paperheight=845.04684pt
* \textwidth=455.24411pt
* \textheight=702.78308pt
* \oddsidemargin=-1.1381pt
* \evensidemargin=-1.1381pt
* \topmargin=-38.1381pt
* \headheight=12.0pt
* \headsep=25.0pt
* \topskip=12.0pt
* \footskip=30.0pt
* \marginparwidth=35.0pt
* \marginparsep=10.0pt
* \columnsep=10.0pt
* \skip\footins=10.8pt plus 4.0pt minus 2.0pt
* \hoffset=0.0pt
* \voffset=0.0pt
* \mag=1000
* \@twocolumnfalse
* \@twosidefalse
* \@mparswitchfalse
* \@reversemarginfalse
* (1in=72.27pt=25.4mm, 1cm=28.453pt)

(/usr/local/texlive/2025/texmf-dist/tex/context/base/mkii/supp-pdf.mkii
[Loading MPS to PDF converter (version 2006.09.02).]
\scratchcounter=\count306
\scratchdimen=\dimen193
\scratchbox=\box58
\nofMPsegments=\count307
\nofMParguments=\count308
\everyMPshowfont=\toks28
\MPscratchCnt=\count309
\MPscratchDim=\dimen194
\MPnumerator=\count310
\makeMPintoPDFobject=\count311
\everyMPtoPDFconversion=\toks29
) (/usr/local/texlive/2025/texmf-dist/tex/latex/epstopdf-pkg/epstopdf-base.sty
Package: epstopdf-base 2020-01-24 v2.11 Base part for package epstopdf
Package epstopdf-base Info: Redefining graphics rule for `.eps' on input line 4
85.

(/usr/local/texlive/2025/texmf-dist/tex/latex/latexconfig/epstopdf-sys.cfg
File: epstopdf-sys.cfg 2010/07/13 v1.3 Configuration of (r)epstopdf for TeX Liv
e
))
Package caption Info: Begin \AtBeginDocument code.
Package caption Info: hyperref package is loaded.
Package caption Info: End \AtBeginDocument code.
Package hyperref Info: Link coloring OFF on input line 42.

(./main.out) (./main.out)
\@outlinefile=\write3
\openout3 = `main.out'.



[1

{/usr/local/texlive/2025/texmf-var/fonts/map/pdftex/updmap/pdftex.map}{/usr/loc
al/texlive/2025/texmf-dist/fonts/enc/dvips/base/8r.enc}]
LaTeX Font Info:    Trying to load font information for OT1+ztmcm on input line
 81.

(/usr/local/texlive/2025/texmf-dist/tex/latex/psnfss/ot1ztmcm.fd
File: ot1ztmcm.fd 2000/01/03 Fontinst v1.801 font definitions for OT1/ztmcm.
)
LaTeX Font Info:    Trying to load font information for OML+ztmcm on input line
 81.

(/usr/local/texlive/2025/texmf-dist/tex/latex/psnfss/omlztmcm.fd
File: omlztmcm.fd 2000/01/03 Fontinst v1.801 font definitions for OML/ztmcm.
)
LaTeX Font Info:    Trying to load font information for OMS+ztmcm on input line
 81.

(/usr/local/texlive/2025/texmf-dist/tex/latex/psnfss/omsztmcm.fd
File: omsztmcm.fd 2000/01/03 Fontinst v1.801 font definitions for OMS/ztmcm.
)
LaTeX Font Info:    Trying to load font information for OMX+ztmcm on input line
 81.

(/usr/local/texlive/2025/texmf-dist/tex/latex/psnfss/omxztmcm.fd
File: omxztmcm.fd 2000/01/03 Fontinst v1.801 font definitions for OMX/ztmcm.
)
LaTeX Font Info:    Trying to load font information for OT1+ptm on input line 8
1.

(/usr/local/texlive/2025/texmf-dist/tex/latex/psnfss/ot1ptm.fd
File: ot1ptm.fd 2001/06/04 font definitions for OT1/ptm.
)
LaTeX Font Info:    Font shape `OT1/ptm/bx/n' in size <12> not available
(Font)              Font shape `OT1/ptm/b/n' tried instead on input line 81.
LaTeX Font Info:    Font shape `OT1/ptm/bx/n' in size <9> not available
(Font)              Font shape `OT1/ptm/b/n' tried instead on input line 81.
LaTeX Font Info:    Font shape `OT1/ptm/bx/n' in size <7> not available
(Font)              Font shape `OT1/ptm/b/n' tried instead on input line 81.


[1

{/usr/local/texlive/2025/texmf-dist/fonts/enc/dvips/cm-super/cm-super-t1.enc}]

[2

]

[3

] (./main.toc

[4

])
\tf@toc=\write4
\openout4 = `main.toc'.



[5] (./main.lof
Overfull \hbox (43.87587pt too wide) in paragraph at lines 5--5
 \T1/ptm/m/n/12 try, grouped into the four shape cat-e-gories. Source: Eu-ro-st
at \T1/cmtt/m/n/12 demo_faeduc\T1/ptm/m/n/12 /\T1/cmtt/m/n/12 edat_lfse_03\T1/p
tm/m/n/12 .[] []  
 []



[6

])
\tf@lof=\write5
\openout5 = `main.lof'.



[7] (./main.lot
Overfull \hbox (2.1926pt too wide) in paragraph at lines 14--14
 [][] [][]\T1/ptm/m/n/12 H2, lin-ear vs quadratic ed-u-ca-tion spec-i-fi-ca-tio
ns. Two-way fixed ef-fects, country- 
 []



[8

]
Overfull \hbox (5.80438pt too wide) in paragraph at lines 23--23
 [][] [][]\T1/ptm/m/n/12 H4 ro-bust-ness, me-di-a-tor se-quence re-estimated on
 the com-mon sam-ple of women 
 []

)
\tf@lot=\write6
\openout6 = `main.lot'.



[9]
Chapter 1.



pdfTeX warning (ext4): destination with the same identifier (name{page.1}) has 
been already used, duplicate ignored
<to be read again> 
                   \relax 
l.188 \textit{H1 (Inversion).}
                               Across European populations observed between ...
[1


]
Overfull \hbox (23.67155pt too wide) in paragraph at lines 216--226
\T1/ptm/m/n/12 exploratory-then-confirmatory pipeline that sep-a-rates dis-cov-
ery from in-fer-ence. Third, an individual-
 []



[2]
LaTeX Font Info:    Font shape `OT1/ptm/bx/n' in size <10.95> not available
(Font)              Font shape `OT1/ptm/b/n' tried instead on input line 247.
LaTeX Font Info:    Font shape `OT1/ptm/bx/n' in size <8> not available
(Font)              Font shape `OT1/ptm/b/n' tried instead on input line 247.
LaTeX Font Info:    Font shape `OT1/ptm/bx/n' in size <6> not available
(Font)              Font shape `OT1/ptm/b/n' tried instead on input line 247.

Underfull \hbox (badness 10000) in paragraph at lines 251--252
[]|\T1/ptm/m/n/10.95 Supported,
 []


Underfull \hbox (badness 5175) in paragraph at lines 251--252
\T1/ptm/m/n/10.95 but a tempo
 []


Underfull \hbox (badness 10000) in paragraph at lines 252--252
[]|\T1/ptm/m/n/10.95 Relationship non-
 []


Underfull \hbox (badness 10000) in paragraph at lines 252--252
[]|$\OML/ztmcm/m/it/10.95 ^^L[] \OT1/ztmcm/m/n/10.95 = +0\OML/ztmcm/m/it/10.95 
:\OT1/ztmcm/m/n/10.95 195$
 []


Underfull \hbox (badness 4886) in paragraph at lines 252--252
\T1/ptm/m/n/10.95 ($\OML/ztmcm/m/it/10.95 p < \OT1/ztmcm/m/n/10.95 0\OML/ztmcm/
m/it/10.95 :\OT1/ztmcm/m/n/10.95 001$\T1/ptm/m/n/10.95 ); medium
 []


Underfull \hbox (badness 10000) in paragraph at lines 253--253
[]|\T1/ptm/m/n/10.95 Cultural in-di-ca-tors
 []


Underfull \hbox (badness 10000) in paragraph at lines 253--253
\T1/ptm/m/n/10.95 pre-dict cross-
 []


Underfull \hbox (badness 10000) in paragraph at lines 253--253
\T1/ptm/m/n/10.95 country vari-a-tion
 []


Underfull \hbox (badness 10000) in paragraph at lines 253--253
[]|\T1/ptm/m/n/10.95 XGBoost--SHAP
 []


Underfull \hbox (badness 1122) in paragraph at lines 253--253
[]|\T1/ptm/m/n/10.95 LOOCV $\OML/ztmcm/m/it/10.95 R[] \OT1/ztmcm/m/n/10.95 = \O
MS/ztmcm/m/n/10.95 ^^@\OT1/ztmcm/m/n/10.95 0\OML/ztmcm/m/it/10.95 :\OT1/ztmcm/m
/n/10.95 086$\T1/ptm/m/n/10.95 ;
 []


Underfull \hbox (badness 1102) in paragraph at lines 253--253
\T1/ptm/m/n/10.95 SHAP favours cul-tural,
 []


Underfull \hbox (badness 10000) in paragraph at lines 253--253
\T1/ptm/m/n/10.95 WAIC favours eco-
 []


Underfull \hbox (badness 10000) in paragraph at lines 253--254
[]|\T1/ptm/m/n/10.95 Unsupported
 []


Underfull \hbox (badness 3503) in paragraph at lines 254--254
\T1/ptm/m/n/10.95 di-ated by at-ti-tudes
 []


Underfull \hbox (badness 10000) in paragraph at lines 254--254
[]|\T1/ptm/m/n/10.95 Earnings 44--61% of
 []


Underfull \hbox (badness 2626) in paragraph at lines 254--254
\T1/ptm/m/n/10.95 to-tal ef-fect; at-ti-tu-di-nal
 []


Underfull \hbox (badness 10000) in paragraph at lines 254--254
\T1/ptm/m/n/10.95 share neg-li-gi-ble and
 []



[3]
Chapter 2.

Overfull \hbox (1.9516pt too wide) in paragraph at lines 265--272
\T1/ptm/m/n/12 The de-mo-graphic tran-si-tion fit-ness para-dox is the ob-ser-v
a-tion that, in con-tem-po-rary high-income
 []


Overfull \hbox (25.39914pt too wide) in paragraph at lines 273--285
\T1/ptm/m/n/12 ([]Notestein[] []1945[]; []Cald-well[] []1976[]). Across pre-tra
nsition agrar-ian pop-u-la-tions the wealth--reproduction
 []



[4

]
Overfull \hbox (7.87894pt too wide) in paragraph at lines 334--358
\T1/ptm/m/n/12 ([]2006[]), analysing biological-children counts for a US prob-a
-bil-ity sam-ple, finds a pos-i-tive income--
 []



[5]

[6]

[7]
Chapter 3.
LaTeX Font Info:    Font shape `OT1/ptm/bx/n' in size <10> not available
(Font)              Font shape `OT1/ptm/b/n' tried instead on input line 428.
LaTeX Font Info:    Font shape `OT1/ptm/bx/n' in size <7.4> not available
(Font)              Font shape `OT1/ptm/b/n' tried instead on input line 428.


[8

]

[9]

[10]

[11]

[12]

[13]
Chapter 4.


[14

]

[15]
<h1_gradient_by_type.png, id=807, 722.7pt x 505.89pt>
File: h1_gradient_by_type.png Graphic file (type png)
<use h1_gradient_by_type.png>
Package pdftex.def Info: h1_gradient_by_type.png  used on input line 753.
(pdftex.def)             Requested size: 364.19667pt x 254.93593pt.
<gradient_by_country.png, id=808, 867.24pt x 578.16pt>
File: gradient_by_country.png Graphic file (type png)
<use gradient_by_country.png>
Package pdftex.def Info: gradient_by_country.png  used on input line 760.
(pdftex.def)             Requested size: 364.19667pt x 242.79907pt.


[16]

[17 <./h1_gradient_by_type.png> <./gradient_by_country.png>]
Chapter 5.
<h1_pooled_fe_coefs.png, id=819, 433.62pt x 361.35pt>
File: h1_pooled_fe_coefs.png Graphic file (type png)
<use h1_pooled_fe_coefs.png>
Package pdftex.def Info: h1_pooled_fe_coefs.png  used on input line 809.
(pdftex.def)             Requested size: 364.19667pt x 303.50987pt.


[18

]

[19 <./h1_pooled_fe_coefs.png>]

[20]
Overfull \hbox (9.29001pt too wide) in paragraph at lines 902--912
 [][] 
 []

<h2_quadratic_curve.png, id=839, 505.89pt x 361.35pt>
File: h2_quadratic_curve.png Graphic file (type png)
<use h2_quadratic_curve.png>
Package pdftex.def Info: h2_quadratic_curve.png  used on input line 953.
(pdftex.def)             Requested size: 364.19667pt x 260.14423pt.


[21]

[22 <./h2_quadratic_curve.png>]
<h2_quantile_boot.png, id=850, 578.16pt x 361.35pt>
File: h2_quantile_boot.png Graphic file (type png)
<use h2_quantile_boot.png>
Package pdftex.def Info: h2_quantile_boot.png  used on input line 1001.
(pdftex.def)             Requested size: 364.19667pt x 227.61862pt.


[23 <./h2_quantile_boot.png>]

[24]

[25]
Chapter 6.
<h3_shap_importance.png, id=875, 1003.75pt x 702.625pt>
File: h3_shap_importance.png Graphic file (type png)
<use h3_shap_importance.png>
Package pdftex.def Info: h3_shap_importance.png  used on input line 1131.
(pdftex.def)             Requested size: 364.19667pt x 254.93893pt.
<h3_shap_beeswarm.png, id=877, 1003.75pt x 702.625pt>
File: h3_shap_beeswarm.png Graphic file (type png)
<use h3_shap_beeswarm.png>
Package pdftex.def Info: h3_shap_beeswarm.png  used on input line 1138.
(pdftex.def)             Requested size: 364.19667pt x 254.93893pt.


[26

]

[27 <./h3_shap_importance.png>]
<h3_bayesian_posteriors.png, id=890, 1104.125pt x 803.0pt>
File: h3_bayesian_posteriors.png Graphic file (type png)
<use h3_bayesian_posteriors.png>
Package pdftex.def Info: h3_bayesian_posteriors.png  used on input line 1202.
(pdftex.def)             Requested size: 364.19667pt x 264.86829pt.


[28 <./h3_shap_beeswarm.png>]

[29 <./h3_bayesian_posteriors.png>]
<h4_raw_gradient.png, id=906, 722.7pt x 433.62pt>
File: h4_raw_gradient.png Graphic file (type png)
<use h4_raw_gradient.png>
Package pdftex.def Info: h4_raw_gradient.png  used on input line 1268.
(pdftex.def)             Requested size: 364.19667pt x 218.51653pt.
<h4_dml_total_effects.png, id=907, 578.16pt x 289.08pt>
File: h4_dml_total_effects.png Graphic file (type png)
<use h4_dml_total_effects.png>
Package pdftex.def Info: h4_dml_total_effects.png  used on input line 1275.
(pdftex.def)             Requested size: 364.19667pt x 182.0949pt.


[30]

[31 <./h4_raw_gradient.png>]

[32 <./h4_dml_total_effects.png>]
<h4_dml_mediation_waterfall.png, id=935, 722.7pt x 361.35pt>
File: h4_dml_mediation_waterfall.png Graphic file (type png)
<use h4_dml_mediation_waterfall.png>
Package pdftex.def Info: h4_dml_mediation_waterfall.png  used on input line 138
7.
(pdftex.def)             Requested size: 364.19667pt x 182.0971pt.


[33 <./h4_dml_mediation_waterfall.png>]

[34]
Chapter 7.

Overfull \hbox (3.80873pt too wide) in paragraph at lines 1431--1438
[]\T1/ptm/m/n/12 The sec-ond con-cerns cul-tural trans-mis-sion, which pre-dict
s both that norms prop-a-gate through
 []



[35

]

[36]

[37]

[38]
Chapter 8.


[39

]
Appendix A.

Overfull \hbox (5.29054pt too wide) in paragraph at lines 1579--1579
|[]\T1/ptm/b/n/24.88 Full 21-Country Gra-di-ent Steep-ness Ta-
 []



[40

]
Appendix B.


[41

]
<h3_correlation_matrix.png, id=1022, 1003.75pt x 903.375pt>
File: h3_correlation_matrix.png Graphic file (type png)
<use h3_correlation_matrix.png>
Package pdftex.def Info: h3_correlation_matrix.png  used on input line 1697.
(pdftex.def)             Requested size: 364.19667pt x 327.77864pt.
<h3_shap_dependence.png, id=1023, 1003.75pt x 803.0pt>
File: h3_shap_dependence.png Graphic file (type png)
<use h3_shap_dependence.png>
Package pdftex.def Info: h3_shap_dependence.png  used on input line 1704.
(pdftex.def)             Requested size: 364.19667pt x 291.3588pt.


[42 <./h3_correlation_matrix.png>]

[43 <./h3_shap_dependence.png>]
Appendix C.
LaTeX Font Info:    Font shape `T1/cmtt/bx/n' in size <12> not available
(Font)              Font shape `T1/cmtt/m/n' tried instead on input line 1715.

Overfull \hbox (12.62178pt too wide) in paragraph at lines 1718--1719
[]\T1/ptm/m/n/12 Builds Dataset 1: education-specific AS-FRs from \T1/cmtt/m/n/
12 demo_faeduc\T1/ptm/m/n/12 ,
 []



[44

] (./main.bbl

[45]

[46

]
Underfull \hbox (badness 1087) in paragraph at lines 135--139
[]\T1/ptm/m/n/12 Eurostat (2026b).  Pop-u-la-tion by ed-u-ca-tional at-tain-men
t level, sex and age [data set;
 []



[47]

[48]

[49])

[50] (./main.aux)
 ***********
LaTeX2e <2024-11-01> patch level 2
L3 programming layer <2025-01-18>
 ***********
Package rerunfilecheck Info: File `main.out' has not changed.
(rerunfilecheck)             Checksum: 3CCEF477923A883075EE1403EC91276C;12654.
 ) 
Here is how much of TeX's memory you used:
 13445 strings out of 473190
 209130 string characters out of 5715800
 623659 words of memory out of 5000000
 36255 multiletter control sequences out of 15000+600000
 643273 words of font info for 171 fonts, out of 8000000 for 9000
 1141 hyphenation exceptions out of 8191
 75i,12n,79p,489b,658s stack positions out of 10000i,1000n,20000p,200000b,200000s
</usr/local/texlive/2025/texmf-dist/fonts/type1/public/amsfonts/cm/cmmi10.pfb
></usr/local/texlive/2025/texmf-dist/fonts/type1/public/amsfonts/cm/cmr10.pfb><
/usr/local/texlive/2025/texmf-dist/fonts/type1/public/amsfonts/cm/cmsy10.pfb></
usr/local/texlive/2025/texmf-dist/fonts/type1/public/cm-super/sftt1000.pfb></us
r/local/texlive/2025/texmf-dist/fonts/type1/public/cm-super/sftt1095.pfb></usr/
local/texlive/2025/texmf-dist/fonts/type1/public/cm-super/sftt1200.pfb></usr/lo
cal/texlive/2025/texmf-dist/fonts/type1/urw/symbol/usyr.pfb></usr/local/texlive
/2025/texmf-dist/fonts/type1/urw/symbol/usyr.pfb></usr/local/texlive/2025/texmf
-dist/fonts/type1/urw/times/utmb8a.pfb></usr/local/texlive/2025/texmf-dist/font
s/type1/urw/times/utmr8a.pfb></usr/local/texlive/2025/texmf-dist/fonts/type1/ur
w/times/utmri8a.pfb>
Output written on main.pdf (60 pages, 1840761 bytes).
PDF statistics:
 1188 PDF objects out of 1200 (max. 8388607)
 1074 compressed objects within 11 object streams
 220 named destinations out of 1000 (max. 500000)
 530 words of extra memory for PDF output out of 10000 (max. 10000000)

